// Jest Snapshot v1, https://goo.gl/fbAQLP

exports[`<CollapsibleNavGroupEnabled /> should render correctly 1`] = `
<div>
  <div
    data-eui="EuiFlyout"
    data-test-subj="collapsibleNav"
    role="dialog"
  >
    <div
      class="eui-fullHeight left-navigation-wrapper"
    >
      <div
        class="euiPanel euiPanel--paddingSmall euiPanel--borderRadiusNone euiPanel--transparent euiPanel--noShadow euiPanel--noBorder"
        style="flex-grow: 0;"
      >
        <button
          data-test-subj="back"
        >
          go back
        </button>
      </div>
      <div
        class="euiPanel euiPanel--paddingSmall euiPanel--borderRadiusMedium euiPanel--plain euiPanel--noShadow euiPanel--noBorder searchBar-wrapper"
      >
        <div
          class="euiFormControlLayout euiFormControlLayout--fullWidth euiFormControlLayout--compressed"
        >
          <div
            class="euiFormControlLayout__childrenWrapper"
          >
            <input
              aria-label="Search the menus"
              class="euiFieldSearch euiFieldSearch--fullWidth euiFieldSearch--compressed searchInput"
              data-test-subj="global-search-input"
              placeholder="Search menu or assets"
              style="padding-right: 32px;"
              type="search"
              value=""
            />
            <div
              class="euiFormControlLayoutIcons"
            >
              <span
                class="euiFormControlLayoutCustomIcon"
              >
                <span
                  aria-hidden="true"
                  class="euiFormControlLayoutCustomIcon__icon"
                  data-euiicon-type="search"
                />
              </span>
            </div>
          </div>
        </div>
      </div>
      <div
        class="euiPanel euiPanel--paddingMedium euiPanel--borderRadiusNone euiPanel--transparent euiPanel--noShadow euiPanel--noBorder eui-yScroll flex-1-container"
        style="padding-top: 0px;"
      >
        <div
          class="euiFlexItem"
        >
          <nav
            class="euiSideNav euiSideNav-isOpenMobile"
          >
            <div
              class="euiSideNav__content"
              id="euiSideNavContent_generated-id"
            >
              <div
                class="euiSideNavItem euiSideNavItem--root nav-link-item "
              >
                <button
                  aria-label="link-in-all"
                  class="euiSideNavItemButton euiSideNavItemButton--isClickable nav-link-item-btn"
                  data-test-subj="collapsibleNavAppLink-link-in-all"
                  type="button"
                >
                  <span
                    class="euiSideNavItemButton__content"
                  >
                    <span
                      class="euiSideNavItemButton__label euiSideNavItemButton__label--truncated"
                      title="link-in-all"
                    >
                      <div
                        class="euiText euiText--medium"
                      >
                        link-in-all
                      </div>
                    </span>
                  </span>
                </button>
              </div>
            </div>
          </nav>
        </div>
      </div>
      <div
        class="bottom-container eui-xScroll bottom-container-expanded"
      />
    </div>
  </div>
</div>
`;

exports[`<CollapsibleNavGroupEnabled /> should render correctly 2`] = `
<div>
  <div
    data-eui="EuiFlyout"
    data-test-subj="collapsibleNav"
    role="dialog"
  >
    <div
      class="eui-fullHeight left-navigation-wrapper"
    >
      <div
        class="searchBarIcon euiHeaderSectionItemButton"
      >
        <div
          class="euiPopover euiPopover--anchorDownCenter"
        >
          <div
            class="euiPopover__anchor"
          >
            <span
              class="euiToolTipAnchor"
            >
              <button
                aria-label="search"
                class="euiButtonIcon euiButtonIcon--text euiButtonIcon--empty euiButtonIcon--xSmall"
                data-test-subj="globalSearch-leftNav-icon"
                type="button"
              >
                <span
                  aria-hidden="true"
                  class="euiButtonIcon__icon"
                  color="inherit"
                  data-euiicon-type="search"
                />
              </button>
            </span>
          </div>
        </div>
      </div>
      <div
        class="flex-1-container"
      />
      <div
        class="bottom-container bottom-container-collapsed"
      />
    </div>
  </div>
</div>
`;

exports[`<CollapsibleNavGroupEnabled /> should show use case nav when current nav group is valid 1`] = `
<div>
  <div
    data-eui="EuiFlyout"
    data-test-subj="collapsibleNav"
    role="dialog"
  >
    <div
      class="eui-fullHeight left-navigation-wrapper"
    >
      <div
        class="euiPanel euiPanel--paddingSmall euiPanel--borderRadiusNone euiPanel--transparent euiPanel--noShadow euiPanel--noBorder"
        style="flex-grow: 0;"
      >
        <button
          data-test-subj="back"
        >
          go back
        </button>
      </div>
      <div
        class="euiPanel euiPanel--paddingSmall euiPanel--borderRadiusMedium euiPanel--plain euiPanel--noShadow euiPanel--noBorder searchBar-wrapper"
      >
        <div
          class="euiFormControlLayout euiFormControlLayout--fullWidth euiFormControlLayout--compressed"
        >
          <div
            class="euiFormControlLayout__childrenWrapper"
          >
            <input
              aria-label="Search the menus"
              class="euiFieldSearch euiFieldSearch--fullWidth euiFieldSearch--compressed searchInput"
              data-test-subj="global-search-input"
              placeholder="Search menu or assets"
              style="padding-right: 32px;"
              type="search"
              value=""
            />
            <div
              class="euiFormControlLayoutIcons"
            >
              <span
                class="euiFormControlLayoutCustomIcon"
              >
                <span
                  aria-hidden="true"
                  class="euiFormControlLayoutCustomIcon__icon"
                  data-euiicon-type="search"
                />
              </span>
            </div>
          </div>
        </div>
      </div>
      <div
        class="euiPanel euiPanel--paddingMedium euiPanel--borderRadiusNone euiPanel--transparent euiPanel--noShadow euiPanel--noBorder eui-yScroll flex-1-container"
        style="padding-top: 0px;"
      >
        <div
          class="euiFlexItem"
        >
          <nav
            class="euiSideNav euiSideNav-isOpenMobile"
          >
            <div
              class="euiSideNav__content"
              id="euiSideNavContent_generated-id"
            >
              <div
                class="euiSideNavItem euiSideNavItem--root nav-link-item "
              >
                <button
                  aria-label="link-in-all"
                  class="euiSideNavItemButton euiSideNavItemButton--isClickable nav-link-item-btn"
                  data-test-subj="collapsibleNavAppLink-link-in-all"
                  type="button"
                >
                  <span
                    class="euiSideNavItemButton__content"
                  >
                    <span
                      class="euiSideNavItemButton__label euiSideNavItemButton__label--truncated"
                      title="link-in-all"
                    >
                      <div
                        class="euiText euiText--medium"
                      >
                        link-in-all
                      </div>
                    </span>
                  </span>
                </button>
              </div>
            </div>
          </nav>
        </div>
      </div>
      <div
        class="bottom-container eui-xScroll bottom-container-expanded"
      />
    </div>
  </div>
</div>
`;
